// Jest Snapshot v1, https://goo.gl/fbAQLP

exports[`renders correctly 1`] = `
<DocumentFragment>
  <div
    class="MuiFormControl-root MuiTextField-root MuiFormControl-fullWidth"
  >
    <div
      class="MuiInputBase-root MuiOutlinedInput-root MuiInputBase-fullWidth MuiInputBase-formControl"
    >
      <input
        aria-invalid="false"
        class="MuiInputBase-input MuiOutlinedInput-input"
        required=""
        type="text"
        value=""
      />
      <fieldset
        aria-hidden="true"
        class="PrivateNotchedOutline-root-1 MuiOutlinedInput-notchedOutline"
        style="padding-left: 8px;"
      >
        <legend
          class="PrivateNotchedOutline-legend-2"
          style="width: 0.01px;"
        >
          <span>
            â€‹
          </span>
        </legend>
      </fieldset>
    </div>
  </div>
</DocumentFragment>
`;
