// Jest Snapshot v1, https://goo.gl/fbAQLP

exports[`renders correctly 1`] = `
<DocumentFragment>
  <div
    class="token-number"
  >
    <p>
      Token No: 
    </p>
    <p
      class="count"
    />
  </div>
</DocumentFragment>
`;
